# serializer version: 1
# name: test_networks
  list([
    Process(
      cpu_usage=12.3,
      created=12.3,
      id=1234,
      memory_usage=12.3,
      name='name',
      path='/path',
      status='running',
      username='username',
      working_directory='/working/directory',
    ),
  ])
# ---
