# serializer version: 1
# name: test_displays
  list([
    Display(
      height=1080,
      id='abc123',
      is_primary=True,
      name='name',
      pixel_clock=60.0,
      refresh_rate=60.0,
      resolution_horizontal=1920,
      resolution_vertical=1080,
      width=1920,
      x=1920,
      y=1080,
    ),
  ])
# ---
