# serializer version: 1
# name: test_discord
  Discord(
    authenticated=True,
    call=DiscordCall(
      channel=DiscordChannel(
        bitrate=64000,
        id='2',
        name='General',
        type='GUILD_VOICE',
        user_limit=10,
      ),
      connection=DiscordVoiceConnection(
        average_ping=25.5,
        last_ping=20.0,
        state='VOICE_CONNECTED',
      ),
      me=DiscordCallMember(
        nick='Nick',
        server_deaf=False,
        server_mute=False,
        speaking=True,
        suppress=False,
      ),
      server=DiscordServer(
        icon_url='https://cdn.discordapp.com/icons/3/icon.png',
        id='3',
        name='Server',
      ),
    ),
    connected=True,
    deaf=False,
    input=DiscordAudio(
      device_id='default',
      devices=list([
        DiscordDevice(
          id='default',
          name='Default',
        ),
      ]),
      volume=100.0,
    ),
    mode=DiscordVoiceMode(
      auto_threshold=True,
      delay=20.0,
      threshold=-60.0,
      type='VOICE_ACTIVITY',
    ),
    mute=False,
    output=DiscordAudio(
      device_id='default',
      devices=list([
        DiscordDevice(
          id='default',
          name='Default',
        ),
      ]),
      volume=150.0,
    ),
    processing=DiscordVoiceProcessing(
      automatic_gain_control=False,
      echo_cancellation=True,
      noise_suppression=True,
    ),
    qos=True,
    silence_warning=True,
    user=DiscordUser(
      avatar_url='https://cdn.discordapp.com/avatars/1/avatar.png',
      global_name='Global Name',
      id='1',
      username='username',
    ),
  )
# ---
