# serializer version: 1
# name: test_system
  System(
    boot_time=1234,
    camera_usage=list([
      'camera1',
      'camera2',
    ]),
    device_info=DeviceInfo(
      bios_vendor='bios_vendor',
      bios_version='bios_version',
      board_name='board_name',
      board_vendor='board_vendor',
      chassis_type='chassis_type',
      manufacturer='manufacturer',
      model='model',
      version='version',
    ),
    fqdn='hostname.local',
    hostname='hostname',
    ip_address_4='192.168.1.100',
    ip_address_6='::1',
    kernel_version='6.1.0',
    mac_address='00:00:00:00:00:00',
    microphone_usage=list([
      'microphone1',
      'microphone2',
    ]),
    pending_reboot=True,
    platform='platform',
    platform_version='1.0.0',
    power_usage=None,
    run_mode=<RunMode.STANDALONE: 'standalone'>,
    uptime=1234,
    users=list([
      SystemUser(
        active=True,
        host='host',
        name='username',
        pid=1234,
        started=1234,
        terminal='terminal',
      ),
    ]),
    uuid='uuid',
    version='1.0.0',
    version_latest='4.99.0',
    version_latest_url='https://github.com/timmo001/system-bridge/releases/latest',
    version_newer_available=True,
  )
# ---
